GUIs/template_model_gui.rsc
gplyr/gplyr.rsc
network_tools/delay_allocation/delay_allocation.rsc
network_tools/delay_allocation/delay_allocation_gui.rsc
network_tools/HCMCapacity.rsc
network_tools/HighwayProjectManagement.rsc
network_tools/TransitProjectManagement.rsc
network_tools/create_networks.rsc
network_tools/load_counts.rsc
network_tools/network_utilities.rsc
network_tools/skimming.rsc
AreaType.rsc
Assignment_Highway.rsc
Assignment_Transit.rsc
Distribution.rsc
Generation.rsc
Mode.rsc
ModelUtilities.rsc
Summaries.rsc
docstrings.rsc
