!Main.rsc
01 - CreateScenario.rsc
02 - InitialProcessing.rsc
03 - ThroughTrips.rsc
04 - Generation.rsc
05 - TimeOfDay.rsc
06 - Skimming.rsc
07 - CalcModeShares.rsc
08 - Distribution.rsc
09 - ApplyModeShares.rsc
10 - Directionality.rsc
11 - HighwayAssignment.rsc
12 - TransitAssignment.rsc
13 - Summaries.rsc
Calibrate_MC.rsc
gisdk_tools\ModelUtilities.rsc
gisdk_tools\network_tools\network_utilities.rsc
gisdk_tools\network_tools\HighwayProjectManagement.rsc
gisdk_tools\network_tools\TransitProjectManagement.rsc
gisdk_tools\AreaType.rsc
gisdk_tools\network_tools\HCMCapacity.rsc
gisdk_tools\network_tools\create_networks.rsc
gisdk_tools\network_tools\skimming.rsc
gisdk_tools\Generation.rsc
gisdk_tools\Distribution.rsc
gisdk_tools\Mode.rsc
gisdk_tools\Assignment_Highway.rsc
gisdk_tools\Assignment_Transit.rsc
gisdk_tools\Summaries.rsc
gisdk_tools\docstrings.rsc
gisdk_tools\gplyr\gplyr.rsc
